// Bun Snapshot v1, https://goo.gl/fbAQLP

exports[`should render a div with border 1`] = `
"┌──────────────────────────────────────┐
│hola                                  │
└──────────────────────────────────────┘"
`;

exports[`should render a div with border with format on border 1`] = `
"[34m┌──────────────────────────────────────┐[39m
[34m│[39mhola                                  [34m│[39m
[34m└──────────────────────────────────────┘[39m"
`;

exports[`should render a div with border and padding 1`] = `
"┌────────────────────────────────────────┐
│                                        │
│ hola                                   │
│                                        │
└────────────────────────────────────────┘"
`;
